
IEEE 695 OMF Linker Version 6.03 (05021601)
Copyright (C) 1999-2004 ZiLOG, Inc. All Rights Reserved

LINK MAP:

DATE:      Fri Jun 28 12:43:58 2013
PROCESSOR: assembler
FILES:     C:\PROGRA~2\pgm\ZiLOG\ZDSII_~1.3\lib\zilog\startupL.obj
           .\zsldevinit.obj
           .\backgrounds.obj
           .\ball.obj             .\brick.obj            .\graphics.obj         
           .\input.obj            .\joystick.obj         .\levels.obj           
           .\lut.obj              .\main.obj             .\math.obj             
           .\sound.obj            .\spi.obj              .\striker.obj          
           .\timekeeping.obj
           .\timerlib.obj         
           C:\PROGRA~2\pgm\ZiLOG\ZDSII_~1.3\lib\std\crtrevaaLDD.lib
           C:\PROGRA~2\pgm\ZiLOG\ZDSII_~1.3\lib\std\fpdumyL.obj
           C:\PROGRA~2\pgm\ZiLOG\ZDSII_~1.3\lib\zilog\zslLYD.lib
           


COMMAND LIST:
=============
/* Linker Command File - finalGame Debug */

/* compiler options */
/* -alias -asm -bitfieldsize:32 -charsize:8 -const:ROM -debug */
/* -define:_Z8F6403 -define:_Z8ENCORE_640_FAMILY */
/* -define:_Z8ENCORE_F640X -define:_MODEL_LARGE -doublesize:32 */
/* -NOexpmac -floatsize:32 -NOfplib -genprintf -NOglobalcopy */
/* -NOglobalcse -NOglobalfold -intrinsic -intsize:16 -intsrc */
/* -NOjmpopt -NOkeepasm -NOkeeplst -NOlist -NOlistinc -localcopy */
/* -localcse -localfold -longsize:32 -NOloopopt -maxerrs:50 -model:L */
/* -NOoptlink -optsize -peephole -NOpromote -quiet -regvar -revaa */
/* -NOsdiopt -shortsize:16 */
/* -stdinc:"C:\PROGRA~2\pgm\ZiLOG\ZDSII_~1.3\include\std;C:\PROGRA~2\pgm\ZiLOG\ZDSII_~1.3\include\zilog;C:\PROGRA~2\pgm\ZiLOG\ZDSII_~1.3\include\zilog\Z8Encore_F640X" */
/* -strict -usrinc:"C:\Users\Soren\Git\30010\termanoid\include" */
/* -NOwatch -cpu:Z8F6403 */
/* -asmsw:" -cpu:Z8F6403 -define:_Z8F6403=1 -define:_Z8ENCORE_640_FAMILY=1 -define:_Z8ENCORE_F640X=1 -define:_MODEL_LARGE=1 -include:C:\PROGRA~2\pgm\ZiLOG\ZDSII_~1.3\include\std;C:\PROGRA~2\pgm\ZiLOG\ZDSII_~1.3\include\zilog;C:\PROGRA~2\pgm\ZiLOG\ZDSII_~1.3\include\zilog\Z8Encore_F640X -revaa" */

/* assembler options */
/* -debug -define:_Z8F6403=1 -define:_Z8ENCORE_640_FAMILY=1 */
/* -define:_Z8ENCORE_F640X=1 -define:_MODEL_LARGE=1 -genobj */
/* -NOigcase */
/* -include:"C:\PROGRA~2\pgm\ZiLOG\ZDSII_~1.3\include\std;C:\PROGRA~2\pgm\ZiLOG\ZDSII_~1.3\include\zilog;C:\PROGRA~2\pgm\ZiLOG\ZDSII_~1.3\include\zilog\Z8Encore_F640X" */
/* -list -NOlistmac -name -pagelen:56 -pagewidth:80 -quiet -sdiopt */
/* -warn -NOzmasm -revaa -cpu:Z8F6403 */

-FORMAT=OMF695
-NOigcase -map -quiet -warn -NOwarnoverlap -NOxref

RANGE ROM $0 : $FFFF
RANGE RDATA $20 : $FF
RANGE EDATA $100 : $EFF

CHANGE TEXT=EDATA
CHANGE TEXT=FAR_DATA
change NEAR_TXT=NEAR_DATA
change FAR_TXT=FAR_DATA
ORDER FAR_BSS, FAR_DATA
ORDER NEAR_BSS,NEAR_DATA
COPY NEAR_DATA ROM
COPY FAR_DATA ROM

define _low_near_romdata = copy base of NEAR_DATA
define _low_neardata = base of NEAR_DATA
define _len_neardata = length of NEAR_DATA
define _low_far_romdata = copy base of FAR_DATA
define _low_fardata = base of FAR_DATA
define _len_fardata = length of FAR_DATA
define _low_nearbss = base of NEAR_BSS
define _len_nearbss = length of NEAR_BSS
define _low_farbss = base of FAR_BSS
define _len_farbss = length of FAR_BSS
define _far_heaptop = highaddr of EDATA
define _far_stack = highaddr of EDATA
define _near_stack = highaddr of RDATA
define _far_heapbot = top of EDATA
define _near_heaptop = highaddr of RDATA
define _near_heapbot = top of RDATA

define _zsl_g_clock_xdefine = 18432000

/* Set frequency to 18432000 Hz */
define __user_frequency = 18432000

"C:\Users\Soren\Git\30010\termanoid\project\finalGame"=  C:\PROGRA~2\pgm\ZiLOG\ZDSII_~1.3\lib\zilog\startupL.obj,  .\zsldevinit.obj,  .\backgrounds.obj,  .\ball.obj,  .\brick.obj,  .\graphics.obj,  .\input.obj,  .\joystick.obj,  .\levels.obj,  .\lut.obj,  .\main.obj,  .\math.obj,  .\sound.obj,  .\spi.obj,  .\striker.obj,  .\timekeeping.obj,  .\timerlib.obj,  C:\PROGRA~2\pgm\ZiLOG\ZDSII_~1.3\lib\std\crtrevaaLDD.lib,  C:\PROGRA~2\pgm\ZiLOG\ZDSII_~1.3\lib\std\fpdumyL.obj,  C:\PROGRA~2\pgm\ZiLOG\ZDSII_~1.3\lib\zilog\zslLYD.lib


SEGMENT OVERLAYS:
=================

Name                                     Base        Top       Length
------------------------------------ ----------- ----------- ----------
Section: __VECTORS                        C:0000      C:000E         fh

SPACE ALLOCATION:
=================

Space              Base        Top         Size
------------------ ----------- ----------- ---------
EDATA                   E:0100      E:01AB       ach
RDATA                     R:E0        R:EF       10h
ROM                     C:0000      C:DA97     da98h


SEGMENTS WITHIN SPACE:
======================

EDATA              Type                Base        Top         Size
------------------ ------------------- ----------- ----------- ---------
FAR_BSS            normal data              E:0100      E:017F       80h
FAR_DATA           normal data              E:0180      E:01AB       2ch


RDATA              Type                Base        Top         Size
------------------ ------------------- ----------- ----------- ---------
workingreg         absolute data              R:E0        R:EF       10h


ROM                Type                Base        Top         Size
------------------ ------------------- ----------- ----------- ---------
__VECTORS          absolute data            C:0000      C:0037       38h
_sputch_TEXT       normal data              C:D097      C:D0C5       2fh
_uputch_TEXT       normal data              C:D068      C:D080       19h
abs_TEXT           normal data              C:D4D5      C:D512       3eh
aduart0_TEXT       normal data              C:D513      C:D57D       6bh
ball_TEXT          normal data              C:9E6F      C:AF23     10b5h
brick_TEXT         normal data              C:AF24      C:B0E1      1beh
CODE               normal data              C:9B5D      C:9D7E      222h
FAR_DATA           * segment copy *         C:DA6C      C:DA97       2ch
free_TEXT          normal data              C:D0C6      C:D296      1d1h
getch_TEXT         normal data              C:CE50      C:CEE7       98h
getfreq_TEXT       normal data              C:CE39      C:CE4F       17h
imerlib_TEXT       normal data              C:CB07      C:CB82       7ch
input_TEXT         normal data              C:BDF9      C:BEB9       c1h
kbhit_TEXT         normal data              C:D47B      C:D487        dh
keeping_TEXT       normal data              C:CAC5      C:CB06       42h
levels_TEXT        normal data              C:BEDB      C:C0F2      218h
main_TEXT          normal data              C:C0F3      C:C626      534h
malloc_TEXT        normal data              C:D297      C:D47A      1e4h
math_TEXT          normal data              C:C627      C:C65F       39h
mstring_TEXT       normal data              C:D488      C:D4D4       4dh
nt_send_TEXT       normal data              C:CC65      C:CE38      1d4h
oystick_TEXT       normal data              C:BEBA      C:BEDA       21h
putch_TEXT         normal data              C:CF2A      C:CF86       5dh
raphics_TEXT       normal data              C:B0E2      C:BDF8      d17h
reverse_TEXT       normal data              C:D997      C:DA6B       d5h
ROM_DATA           normal data              C:0038      C:9B5C     9b25h
ROM_TEXT           normal data              C:9D7F      C:9DFD       7fh
sio_TEXT           normal data              C:CB83      C:CC64       e2h
sound_TEXT         normal data              C:C660      C:C683       24h
spi_TEXT           normal data              C:C684      C:C6ED       6ah
startup            normal data              C:9DFE      C:9E6E       71h
striker_TEXT       normal data              C:C6EE      C:CAC4      3d7h
strlen_TEXT        normal data              C:CEE8      C:CF29       42h
t_putch_TEXT       normal data              C:D081      C:D096       16h
teuart0_TEXT       normal data              C:CFAE      C:D067       bah
ultoa_TEXT         normal data              C:D57E      C:D996      419h
ustoa_TEXT         normal data              C:CF87      C:CFAD       27h

SEGMENTS WITHIN MODULES:
========================

Module: ..\..\src\boot\common\startupl.asm (File: startupL.obj) Version: 1:0 02/23/2005 13:22:37

    Name                                        Base        Top      Size
    --------------------------------------- ----------- ----------- ---------
    Segment: __VECTORS                           C:0000      C:0037       38h
    Segment: FAR_BSS                             E:0100      E:0101        2h
    Segment: FAR_DATA                            E:0180      E:0180        1h
    Segment: startup                             C:9DFE      C:9E6E       71h
    Segment: workingreg                            R:E0        R:EF       10h


Module: ..\SRC\BACKGROUNDS.C (File: backgrounds.obj) Version: 1:0 06/28/2013 12:43:55

    Name                                        Base        Top      Size
    --------------------------------------- ----------- ----------- ---------
    Segment: FAR_DATA                            E:0186      E:0191        ch
    Segment: ROM_DATA                            C:0038      C:9637     9600h


Module: ..\SRC\BALL.C (File: ball.obj) Version: 1:0 06/28/2013 12:43:56

    Name                                        Base        Top      Size
    --------------------------------------- ----------- ----------- ---------
    Segment: ball_TEXT                           C:9E6F      C:AF23     10b5h
    Segment: ROM_TEXT                            C:9D7F      C:9D86        8h


Module: ..\SRC\BRICK.C (File: brick.obj) Version: 1:0 06/28/2013 12:43:56

    Name                                        Base        Top      Size
    --------------------------------------- ----------- ----------- ---------
    Segment: brick_TEXT                          C:AF24      C:B0E1      1beh
    Segment: ROM_DATA                            C:9638      C:9647       10h


Module: ..\SRC\GRAPHICS.C (File: graphics.obj) Version: 1:0 06/28/2013 12:43:57

    Name                                        Base        Top      Size
    --------------------------------------- ----------- ----------- ---------
    Segment: FAR_BSS                             E:0102      E:0103        2h
    Segment: FAR_DATA                            E:0192      E:0195        4h
    Segment: raphics_TEXT                        C:B0E2      C:BDF8      d17h
    Segment: ROM_TEXT                            C:9D87      C:9D90        ah


Module: ..\SRC\INPUT.C (File: input.obj) Version: 1:0 06/28/2013 12:43:57

    Name                                        Base        Top      Size
    --------------------------------------- ----------- ----------- ---------
    Segment: FAR_BSS                             E:0104      E:0107        4h
    Segment: input_TEXT                          C:BDF9      C:BEB9       c1h


Module: ..\SRC\JOYSTICK.C (File: joystick.obj) Version: 1:0 06/28/2013 12:43:57

    Name                                        Base        Top      Size
    --------------------------------------- ----------- ----------- ---------
    Segment: oystick_TEXT                        C:BEBA      C:BEDA       21h


Module: ..\SRC\LEVELS.C (File: levels.obj) Version: 1:0 06/28/2013 12:43:57

    Name                                        Base        Top      Size
    --------------------------------------- ----------- ----------- ---------
    Segment: FAR_BSS                             E:0108      E:015C       55h
    Segment: levels_TEXT                         C:BEDB      C:C0F2      218h
    Segment: ROM_DATA                            C:9648      C:975C      115h


Module: ..\SRC\LUT.C (File: lut.obj) Version: 1:0 06/28/2013 12:43:57

    Name                                        Base        Top      Size
    --------------------------------------- ----------- ----------- ---------
    Segment: ROM_DATA                            C:975D      C:9B5C      400h


Module: ..\SRC\MAIN.C (File: main.obj) Version: 1:0 06/28/2013 12:43:57

    Name                                        Base        Top      Size
    --------------------------------------- ----------- ----------- ---------
    Segment: FAR_BSS                             E:015D      E:015E        2h
    Segment: main_TEXT                           C:C0F3      C:C626      534h
    Segment: ROM_TEXT                            C:9D91      C:9DFD       6dh


Module: ..\SRC\MATH.C (File: math.obj) Version: 1:0 06/28/2013 12:43:58

    Name                                        Base        Top      Size
    --------------------------------------- ----------- ----------- ---------
    Segment: math_TEXT                           C:C627      C:C65F       39h


Module: ..\SRC\SOUND.C (File: sound.obj) Version: 1:0 06/28/2013 12:43:58

    Name                                        Base        Top      Size
    --------------------------------------- ----------- ----------- ---------
    Segment: sound_TEXT                          C:C660      C:C683       24h


Module: ..\SRC\SPI.C (File: spi.obj) Version: 1:0 06/28/2013 12:43:58

    Name                                        Base        Top      Size
    --------------------------------------- ----------- ----------- ---------
    Segment: spi_TEXT                            C:C684      C:C6ED       6ah


Module: ..\SRC\STRIKER.C (File: striker.obj) Version: 1:0 06/28/2013 12:43:58

    Name                                        Base        Top      Size
    --------------------------------------- ----------- ----------- ---------
    Segment: FAR_DATA                            E:01A3      E:01AB        9h
    Segment: striker_TEXT                        C:C6EE      C:CAC4      3d7h


Module: ..\SRC\TIMEKEEPING.C (File: timekeeping.obj) Version: 1:0 06/28/2013 12:43:58

    Name                                        Base        Top      Size
    --------------------------------------- ----------- ----------- ---------
    Segment: keeping_TEXT                        C:CAC5      C:CB06       42h


Module: ..\SRC\TIMERLIB.C (File: timerlib.obj) Version: 1:0 06/28/2013 12:43:58

    Name                                        Base        Top      Size
    --------------------------------------- ----------- ----------- ---------
    Segment: __VECTORS                           C:0000      C:000D        eh
    Segment: FAR_BSS                             E:015F      E:0160        2h
    Segment: imerlib_TEXT                        C:CB07      C:CB82       7ch


Module: ..\UART\COMMON\GETCH.C (Library: zslLYD.lib) Version: 1:0 02/23/2005 13:32:41

    Name                                        Base        Top      Size
    --------------------------------------- ----------- ----------- ---------
    Segment: getch_TEXT                          C:CE50      C:CEE7       98h


Module: ..\UART\COMMON\KBHIT.C (Library: zslLYD.lib) Version: 1:0 02/23/2005 13:32:41

    Name                                        Base        Top      Size
    --------------------------------------- ----------- ----------- ---------
    Segment: kbhit_TEXT                          C:D47B      C:D487        dh


Module: ..\UART\COMMON\PUTCH.C (Library: zslLYD.lib) Version: 1:0 02/23/2005 13:32:42

    Name                                        Base        Top      Size
    --------------------------------------- ----------- ----------- ---------
    Segment: putch_TEXT                          C:CF2A      C:CF86       5dh


Module: ..\UART\COMMON\READUART0.C (Library: zslLYD.lib) Version: 1:0 02/23/2005 13:32:37

    Name                                        Base        Top      Size
    --------------------------------------- ----------- ----------- ---------
    Segment: aduart0_TEXT                        C:D513      C:D57D       6bh
    Segment: FAR_DATA                            E:01A2      E:01A2        1h


Module: ..\UART\COMMON\WRITEUART0.C (Library: zslLYD.lib) Version: 1:0 02/23/2005 13:32:38

    Name                                        Base        Top      Size
    --------------------------------------- ----------- ----------- ---------
    Segment: FAR_DATA                            E:0199      E:0199        1h
    Segment: teuart0_TEXT                        C:CFAE      C:D067       bah


Module: C:\Users\Soren\Git\30010\termanoid\project\zsldevinit.asm (File: zsldevinit.obj) Version: 1:0 06/28/2013 12:43:32

    Name                                        Base        Top      Size
    --------------------------------------- ----------- ----------- ---------
    Segment: CODE                                C:9B5D      C:9B5E        2h
    Segment: FAR_DATA                            E:0181      E:0185        5h


Module: COMMON\ABS.C (Library: crtrevaaLDD.lib) Version: 1:0 02/23/2005 13:27:08

    Name                                        Base        Top      Size
    --------------------------------------- ----------- ----------- ---------
    Segment: abs_TEXT                            C:D4D5      C:D512       3eh


Module: common\fpdumyl.asm (File: fpdumyL.obj) Version: 1:0 02/23/2005 13:22:38

    Name                                        Base        Top      Size
    --------------------------------------- ----------- ----------- ---------
    Segment: CODE                                C:9B5F      C:9B5F        1h
    Segment: FAR_BSS                             E:0161      E:0164        4h


Module: common\frame.asm (Library: crtrevaaLDD.lib) Version: 1:0 02/23/2005 13:27:20

    Name                                        Base        Top      Size
    --------------------------------------- ----------- ----------- ---------
    Segment: CODE                                C:9B60      C:9BC6       67h


Module: COMMON\FREE.C (Library: crtrevaaLDD.lib) Version: 1:0 02/23/2005 13:27:09

    Name                                        Base        Top      Size
    --------------------------------------- ----------- ----------- ---------
    Segment: FAR_DATA                            E:019A      E:019F        6h
    Segment: free_TEXT                           C:D0C6      C:D296      1d1h


Module: COMMON\MALLOC.C (Library: crtrevaaLDD.lib) Version: 1:0 02/23/2005 13:27:10

    Name                                        Base        Top      Size
    --------------------------------------- ----------- ----------- ---------
    Segment: malloc_TEXT                         C:D297      C:D47A      1e4h


Module: COMMON\PRINT_GLOBALS.C (Library: crtrevaaLDD.lib) Version: 1:0 02/23/2005 13:27:11

    Name                                        Base        Top      Size
    --------------------------------------- ----------- ----------- ---------
    Segment: FAR_BSS                             E:0165      E:017F       1bh
    Segment: FAR_DATA                            E:0197      E:0198        2h


Module: COMMON\PRINT_PUTCH.C (Library: crtrevaaLDD.lib) Version: 1:0 02/23/2005 13:27:11

    Name                                        Base        Top      Size
    --------------------------------------- ----------- ----------- ---------
    Segment: t_putch_TEXT                        C:D081      C:D096       16h


Module: COMMON\PRINT_PUTROMSTRING.C (Library: crtrevaaLDD.lib) Version: 1:0 02/23/2005 13:27:12

    Name                                        Base        Top      Size
    --------------------------------------- ----------- ----------- ---------
    Segment: mstring_TEXT                        C:D488      C:D4D4       4dh


Module: COMMON\PRINT_SEND.C (Library: crtrevaaLDD.lib) Version: 1:0 02/23/2005 13:27:12

    Name                                        Base        Top      Size
    --------------------------------------- ----------- ----------- ---------
    Segment: nt_send_TEXT                        C:CC65      C:CE38      1d4h


Module: COMMON\PRINT_SPUTCH.C (Library: crtrevaaLDD.lib) Version: 1:0 02/23/2005 13:27:11

    Name                                        Base        Top      Size
    --------------------------------------- ----------- ----------- ---------
    Segment: _sputch_TEXT                        C:D097      C:D0C5       2fh


Module: COMMON\PRINT_UPUTCH.C (Library: crtrevaaLDD.lib) Version: 1:0 02/23/2005 13:27:11

    Name                                        Base        Top      Size
    --------------------------------------- ----------- ----------- ---------
    Segment: _uputch_TEXT                        C:D068      C:D080       19h


Module: common\sbrkld.asm (Library: crtrevaaLDD.lib) Version: 1:0 02/23/2005 13:27:20

    Name                                        Base        Top      Size
    --------------------------------------- ----------- ----------- ---------
    Segment: CODE                                C:9D06      C:9D40       3bh
    Segment: FAR_DATA                            E:01A0      E:01A1        2h


Module: COMMON\SIO.C (Library: crtrevaaLDD.lib) Version: 1:0 02/23/2005 13:27:13

    Name                                        Base        Top      Size
    --------------------------------------- ----------- ----------- ---------
    Segment: FAR_DATA                            E:0196      E:0196        1h
    Segment: sio_TEXT                            C:CB83      C:CC64       e2h


Module: COMMON\STRLEN.C (Library: crtrevaaLDD.lib) Version: 1:0 02/23/2005 13:27:14

    Name                                        Base        Top      Size
    --------------------------------------- ----------- ----------- ---------
    Segment: strlen_TEXT                         C:CEE8      C:CF29       42h


Module: common\ubdiv.asm (Library: crtrevaaLDD.lib) Version: 1:0 02/23/2005 13:27:19

    Name                                        Base        Top      Size
    --------------------------------------- ----------- ----------- ---------
    Segment: CODE                                C:9C5F      C:9C7D       1fh


Module: common\ucase.asm (Library: crtrevaaLDD.lib) Version: 1:0 02/23/2005 13:27:19

    Name                                        Base        Top      Size
    --------------------------------------- ----------- ----------- ---------
    Segment: CODE                                C:9D41      C:9D7E       3eh


Module: common\uldiv.asm (Library: crtrevaaLDD.lib) Version: 1:0 02/23/2005 13:27:19

    Name                                        Base        Top      Size
    --------------------------------------- ----------- ----------- ---------
    Segment: CODE                                C:9CB1      C:9D05       55h


Module: common\ulmul.asm (Library: crtrevaaLDD.lib) Version: 1:0 02/23/2005 13:27:19

    Name                                        Base        Top      Size
    --------------------------------------- ----------- ----------- ---------
    Segment: CODE                                C:9BC7      C:9C5E       98h


Module: COMMON\ULTOA.C (Library: crtrevaaLDD.lib) Version: 1:0 02/23/2005 13:27:16

    Name                                        Base        Top      Size
    --------------------------------------- ----------- ----------- ---------
    Segment: ultoa_TEXT                          C:D57E      C:D996      419h


Module: COMMON\UREVERSE.C (Library: crtrevaaLDD.lib) Version: 1:0 02/23/2005 13:27:17

    Name                                        Base        Top      Size
    --------------------------------------- ----------- ----------- ---------
    Segment: reverse_TEXT                        C:D997      C:DA6B       d5h


Module: COMMON\USTOA.C (Library: crtrevaaLDD.lib) Version: 1:0 02/23/2005 13:27:18

    Name                                        Base        Top      Size
    --------------------------------------- ----------- ----------- ---------
    Segment: ustoa_TEXT                          C:CF87      C:CFAD       27h


Module: common\uwmul.asm (Library: crtrevaaLDD.lib) Version: 1:0 02/23/2005 13:27:19

    Name                                        Base        Top      Size
    --------------------------------------- ----------- ----------- ---------
    Segment: CODE                                C:9C7E      C:9CB0       33h


Module: get_freq.asm (Library: crtrevaaLDD.lib) Version: 1:0 02/23/2005 13:27:19

    Name                                        Base        Top      Size
    --------------------------------------- ----------- ----------- ---------
    Segment: getfreq_TEXT                        C:CE39      C:CE4F       17h

EXTERNAL DEFINITIONS:
=====================

Symbol                             Address   Module          Segment
-------------------------------- ----------- --------------- --------------------------------
_0__far_atof                          E:0161 fpdumyl         FAR_BSS                         
_0__far_frexp                         E:0161 fpdumyl         FAR_BSS                         
_0__far_modf                          E:0161 fpdumyl         FAR_BSS                         
_0__far_strtod                        E:0161 fpdumyl         FAR_BSS                         
_0__near_atof                         E:0161 fpdumyl         FAR_BSS                         
_0__near_frexp                        E:0161 fpdumyl         FAR_BSS                         
_0__near_modf                         E:0161 fpdumyl         FAR_BSS                         
_0__near_strtod                       E:0161 fpdumyl         FAR_BSS                         
_0__u_dtoe                            E:0161 fpdumyl         FAR_BSS                         
_0__u_dtof                            E:0161 fpdumyl         FAR_BSS                         
_0__u_dtog                            E:0161 fpdumyl         FAR_BSS                         
_0__u_flt_info                        E:0161 fpdumyl         FAR_BSS                         
_0__u_flt_rnd                         E:0161 fpdumyl         FAR_BSS                         
_0_acos                               E:0161 fpdumyl         FAR_BSS                         
_0_asin                               E:0161 fpdumyl         FAR_BSS                         
_0_atan                               E:0161 fpdumyl         FAR_BSS                         
_0_atan2                              E:0161 fpdumyl         FAR_BSS                         
_0_ceil                               E:0161 fpdumyl         FAR_BSS                         
_0_cosh                               E:0161 fpdumyl         FAR_BSS                         
_0_exp                                E:0161 fpdumyl         FAR_BSS                         
_0_fabs                               E:0161 fpdumyl         FAR_BSS                         
_0_floor                              E:0161 fpdumyl         FAR_BSS                         
_0_fmod                               E:0161 fpdumyl         FAR_BSS                         
_0_ldexp                              E:0161 fpdumyl         FAR_BSS                         
_0_log                                E:0161 fpdumyl         FAR_BSS                         
_0_log10                              E:0161 fpdumyl         FAR_BSS                         
_0_pow                                E:0161 fpdumyl         FAR_BSS                         
_0_sinh                               E:0161 fpdumyl         FAR_BSS                         
_0_sqrt                               E:0161 fpdumyl         FAR_BSS                         
_0_tan                                E:0161 fpdumyl         FAR_BSS                         
_0_tanh                               E:0161 fpdumyl         FAR_BSS                         
_1__far_frexp                         E:0161 fpdumyl         FAR_BSS                         
_1__far_modf                          E:0161 fpdumyl         FAR_BSS                         
_1__far_strtod                        E:0161 fpdumyl         FAR_BSS                         
_1__near_frexp                        E:0161 fpdumyl         FAR_BSS                         
_1__near_modf                         E:0161 fpdumyl         FAR_BSS                         
_1__near_strtod                       E:0161 fpdumyl         FAR_BSS                         
_1__u_dtoe                            E:0161 fpdumyl         FAR_BSS                         
_1__u_dtof                            E:0161 fpdumyl         FAR_BSS                         
_1__u_dtog                            E:0161 fpdumyl         FAR_BSS                         
_1__u_flt_info                        E:0161 fpdumyl         FAR_BSS                         
_1__u_flt_rnd                         E:0161 fpdumyl         FAR_BSS                         
_1_atan2                              E:0161 fpdumyl         FAR_BSS                         
_1_fmod                               E:0161 fpdumyl         FAR_BSS                         
_1_ldexp                              E:0161 fpdumyl         FAR_BSS                         
_1_pow                                E:0161 fpdumyl         FAR_BSS                         
_1_strtod                             E:0161 fpdumyl         FAR_BSS                         
_2__u_dtoe                            E:0161 fpdumyl         FAR_BSS                         
_2__u_dtof                            E:0161 fpdumyl         FAR_BSS                         
_2__u_dtog                            E:0161 fpdumyl         FAR_BSS                         
_2__u_flt_info                        E:0161 fpdumyl         FAR_BSS                         
___print_buff                         E:0165 PRINT_GLOBALS   FAR_BSS                         
___print_fmt                          E:0171 PRINT_GLOBALS   FAR_BSS                         
___print_leading_char                 E:017D PRINT_GLOBALS   FAR_BSS                         
___print_len                          E:017C PRINT_GLOBALS   FAR_BSS                         
___print_out                          E:017E PRINT_GLOBALS   FAR_BSS                         
___print_putch                        C:D081 PRINT_PUTCH     t_putch_TEXT                    
___print_putromstring                 C:D488 PRINT_PUTROMSTR mstring_TEXT                    
___print_send                         C:CC65 PRINT_SEND      nt_send_TEXT                    
___print_sputch                       C:D097 PRINT_SPUTCH    _sputch_TEXT                    
___print_uputch                       C:D068 PRINT_UPUTCH    _uputch_TEXT                    
___print_xputch                       E:0197 PRINT_GLOBALS   FAR_DATA                        
__close_periphdevice                  C:9B5E zsldevinit      CODE                            
__far_atof                            C:9B5F fpdumyl         CODE                            
__far_free                            C:D0C6 FREE            free_TEXT                       
__far_frexp                           C:9B5F fpdumyl         CODE                            
__far_malloc                          C:D30A MALLOC          malloc_TEXT                     
__far_modf                            C:9B5F fpdumyl         CODE                            
__far_strlen                          C:CEE8 STRLEN          strlen_TEXT                     
__far_strtod                          C:9B5F fpdumyl         CODE                            
__fpadd                               C:9B5F fpdumyl         CODE                            
__fpcmp                               C:9B5F fpdumyl         CODE                            
__fpdiv                               C:9B5F fpdumyl         CODE                            
__fpftol                              C:9B5F fpdumyl         CODE                            
__fpltof                              C:9B5F fpdumyl         CODE                            
__fpmul                               C:9B5F fpdumyl         CODE                            
__fpneg                               C:9B5F fpdumyl         CODE                            
__fppack                              C:9B5F fpdumyl         CODE                            
__fpsub                               C:9B5F fpdumyl         CODE                            
__fpultof                             C:9B5F fpdumyl         CODE                            
__fpupop1                             C:9B5F fpdumyl         CODE                            
__fpupop2                             C:9B5F fpdumyl         CODE                            
__framereset                          C:9B8B frame           CODE                            
__frameset                            C:9B6C frame           CODE                            
__frameset0                           C:9B6A frame           CODE                            
__frameset00                          C:9B68 frame           CODE                            
__iframereset                         C:9BA2 frame           CODE                            
__iframeset00                         C:9B60 frame           CODE                            
__intrp                               E:0180 startupl        FAR_DATA                        
__near_atof                           C:9B5F fpdumyl         CODE                            
__near_frexp                          C:9B5F fpdumyl         CODE                            
__near_modf                           C:9B5F fpdumyl         CODE                            
__near_strtod                         C:9B5F fpdumyl         CODE                            
__open_periphdevice                   C:9B5D zsldevinit      CODE                            
__s_sbrk                              C:9D06 sbrkld          CODE                            
__slmul                               C:9BC7 ulmul           CODE                            
__swmul                               C:9C7E uwmul           CODE                            
__u_dtoe                              C:9B5F fpdumyl         CODE                            
__u_dtof                              C:9B5F fpdumyl         CODE                            
__u_dtog                              C:9B5F fpdumyl         CODE                            
__u_flt_info                          C:9B5F fpdumyl         CODE                            
__u_flt_rnd                           C:9B5F fpdumyl         CODE                            
__u_ltoa                              C:D57E ULTOA           ultoa_TEXT                      
__u_reverse                           C:D997 UREVERSE        reverse_TEXT                    
__u_stoa                              C:CF87 USTOA           ustoa_TEXT                      
__ubdiv                               C:9C5F ubdiv           CODE                            
__ucase                               C:9D41 ucase           CODE                            
__uldiv                               C:9CB1 uldiv           CODE                            
__ulmul                               C:9BC7 ulmul           CODE                            
__user_frequency                    01194000 (User Defined)
__uwmul                               C:9C7E uwmul           CODE                            
_abs                                  C:D4D5 ABS             abs_TEXT                        
_acos                                 C:9B5F fpdumyl         CODE                            
_arrangement_five                     C:96FC LEVELS          ROM_DATA                        
_arrangement_four                     C:96B4 LEVELS          ROM_DATA                        
_arrangement_one                      C:9648 LEVELS          ROM_DATA                        
_arrangement_three                    C:9690 LEVELS          ROM_DATA                        
_arrangement_two                      C:9660 LEVELS          ROM_DATA                        
_asin                                 C:9B5F fpdumyl         CODE                            
_atan                                 C:9B5F fpdumyl         CODE                            
_atan2                                C:9B5F fpdumyl         CODE                            
_background_1                         E:0188 BACKGROUNDS     FAR_DATA                        
_background_2                         E:018A BACKGROUNDS     FAR_DATA                        
_background_3                         E:018C BACKGROUNDS     FAR_DATA                        
_background_4                         E:018E BACKGROUNDS     FAR_DATA                        
_background_5                         E:0190 BACKGROUNDS     FAR_DATA                        
_background_color                     C:B164 GRAPHICS        raphics_TEXT                    
_bgcolor                              E:0194 GRAPHICS        FAR_DATA                        
_bgx                                  E:0192 GRAPHICS        FAR_DATA                        
_bgy                                  E:0193 GRAPHICS        FAR_DATA                        
_blink                                C:B41B GRAPHICS        raphics_TEXT                    
_brick_graphic                        C:9638 BRICK           ROM_DATA                        
_bricks                               E:010D LEVELS          FAR_BSS                         
_c_startup                            C:9DFE startupl        startup                         
_ceil                                 C:9B5F fpdumyl         CODE                            
_check_collision_ball                 C:AAD8 BALL            ball_TEXT                       
_cleanup_current_level                C:C0B7 LEVELS          levels_TEXT                     
_close_periphdevice                   C:9B5E zsldevinit      CODE                            
_clreol                               C:B2F9 GRAPHICS        raphics_TEXT                    
_clrscr                               C:B2C8 GRAPHICS        raphics_TEXT                    
_collided_ball                        C:A286 BALL            ball_TEXT                       
_collided_brick                       C:B03A BRICK           brick_TEXT                      
_color                                C:B1AB GRAPHICS        raphics_TEXT                    
_cosh                                 C:9B5F fpdumyl         CODE                            
_create_ball                          C:AE4D BALL            ball_TEXT                       
_create_brick                         C:B066 BRICK           brick_TEXT                      
_create_striker                       C:C9D9 STRIKER         striker_TEXT                    
_current_level                        E:0108 LEVELS          FAR_BSS                         
_currentBg                            E:0102 GRAPHICS        FAR_BSS                         
_destroy_ball                         C:AF0C BALL            ball_TEXT                       
_destroy_brick                        C:B0CA BRICK           brick_TEXT                      
_destroy_striker                      C:CA96 STRIKER         striker_TEXT                    
_display_lost_message                 C:C184 MAIN            main_TEXT                       
_display_won_message                  C:C21B MAIN            main_TEXT                       
_draw_borders                         C:BD45 GRAPHICS        raphics_TEXT                    
_draw_box                             C:B98B GRAPHICS        raphics_TEXT                    
_draw_char_bg                         C:BBA5 GRAPHICS        raphics_TEXT                    
_draw_chars_bg                        C:BB50 GRAPHICS        raphics_TEXT                    
_draw_whole_bg                        C:BCD2 GRAPHICS        raphics_TEXT                    
_edward                               C:3238 BACKGROUNDS     ROM_DATA                        
_end_current_level                    C:C0A4 LEVELS          levels_TEXT                     
_end_game                             C:C14F MAIN            main_TEXT                       
_errno                                E:0100 startupl        FAR_BSS                         
_exit                                 C:9E6D startupl        startup                         
_exp                                  C:9B5F fpdumyl         CODE                            
_fabs                                 C:9B5F fpdumyl         CODE                            
_far_heapbot                        000001AB (User Defined)
_far_heaptop                        00000EFF (User Defined)
_far_stack                          00000EFF (User Defined)
_flag                                 E:015D MAIN            FAR_BSS                         
_floor                                C:9B5F fpdumyl         CODE                            
_fmod                                 C:9B5F fpdumyl         CODE                            
_foreground_color                     C:B0E2 GRAPHICS        raphics_TEXT                    
_free_list                            E:019E FREE            FAR_DATA                        
_g_clock0                             E:0182 zsldevinit      FAR_DATA                        
_g_clock1                             E:0182 zsldevinit      FAR_DATA                        
_g_Rxflag0                            E:01A2 READUART0       FAR_DATA                        
_g_simulate                           E:0181 zsldevinit      FAR_DATA                        
_g_Txflag0                            E:0199 WRITEUART0      FAR_DATA                        
_game_state                           E:015E MAIN            FAR_BSS                         
_get_freq                             C:CE3D get_freq        getfreq_TEXT                    
_get_input                            C:BDF9 INPUT           input_TEXT                      
_getch                                C:CE50 GETCH           getch_TEXT                      
_gotoxy                               C:B32A GRAPHICS        raphics_TEXT                    
_horse                                C:4B38 BACKGROUNDS     ROM_DATA                        
_init_uart                            C:CBB1 SIO             sio_TEXT                        
_inputvalues                          E:0104 INPUT           FAR_BSS                         
_kbhit                                C:D47B KBHIT           kbhit_TEXT                      
_kim_possible                         C:1938 BACKGROUNDS     ROM_DATA                        
_ldexp                                C:9B5F fpdumyl         CODE                            
_len_farbss                         00000080 (User Defined)
_len_fardata                        0000002C (User Defined)
_len_nearbss                        00000000 (User Defined)
_len_neardata                       00000000 (User Defined)
_level_five                           C:9758 LEVELS          ROM_DATA                        
_level_four                           C:9753 LEVELS          ROM_DATA                        
_level_one                            C:9744 LEVELS          ROM_DATA                        
_level_three                          C:974E LEVELS          ROM_DATA                        
_level_two                            C:9749 LEVELS          ROM_DATA                        
_load_level                           C:BEDB LEVELS          levels_TEXT                     
_log                                  C:9B5F fpdumyl         CODE                            
_log10                                C:9B5F fpdumyl         CODE                            
_low_far_romdata                    0000DA6C (User Defined)
_low_farbss                         00000100 (User Defined)
_low_fardata                        00000180 (User Defined)
_low_near_romdata                   00000000 (User Defined)
_low_nearbss                        00000000 (User Defined)
_low_neardata                       00000000 (User Defined)
_main                                 C:C2F7 MAIN            main_TEXT                       
_monochrome_background                E:0195 GRAPHICS        FAR_DATA                        
_near_heapbot                       000000EF (User Defined)
_near_heaptop                       000000FF (User Defined)
_near_stack                         000000FF (User Defined)
_open_periphdevice                    C:9B5D zsldevinit      CODE                            
_play_sound                           C:C66A SOUND           sound_TEXT                      
_pow                                  C:9B5F fpdumyl         CODE                            
_putch                                C:CF2A PUTCH           putch_TEXT                      
_read_joystick_x                      C:BED1 JOYSTICK        oystick_TEXT                    
_read_UART0                           C:D513 READUART0       aduart0_TEXT                    
_render_ball                          C:9ED2 BALL            ball_TEXT                       
_render_brick                         C:AF24 BRICK           brick_TEXT                      
_render_striker                       C:C7F8 STRIKER         striker_TEXT                    
_reset_term                           C:B52B GRAPHICS        raphics_TEXT                    
_resetbgcolor                         C:B297 GRAPHICS        raphics_TEXT                    
_reverse                              C:B4A3 GRAPHICS        raphics_TEXT                    
_select_port                          C:CB83 SIO             sio_TEXT                        
_set_background                       C:BD32 GRAPHICS        raphics_TEXT                    
_set_monochrome                       C:BD1A GRAPHICS        raphics_TEXT                    
_set_timer                            C:CB19 TIMERLIB        imerlib_TEXT                    
_setup_input                          C:BE7B INPUT           input_TEXT                      
_setup_joystick                       C:BEBA JOYSTICK        oystick_TEXT                    
_setup_sound                          C:C660 SOUND           sound_TEXT                      
_setup_SPI_master                     C:C684 SPI             spi_TEXT                        
_setup_timer                          C:CAC5 TIMEKEEPING     keeping_TEXT                    
_sin                                  C:C627 MATH            math_TEXT                       
_SIN                                  C:975D LUT             ROM_DATA                        
_sinh                                 C:9B5F fpdumyl         CODE                            
_splashicarp                          C:0038 BACKGROUNDS     ROM_DATA                        
_sqrt                                 C:9B5F fpdumyl         CODE                            
_start_current_level                  C:BF95 LEVELS          levels_TEXT                     
_start_game                           C:C0FE MAIN            main_TEXT                       
_start_splash                         E:0186 BACKGROUNDS     FAR_DATA                        
_strLen                               C:B5B7 GRAPHICS        raphics_TEXT                    
_tan                                  C:9B5F fpdumyl         CODE                            
_tanh                                 C:9B5F fpdumyl         CODE                            
_textType                             C:B56E GRAPHICS        raphics_TEXT                    
_timer0int                            C:CB07 TIMERLIB        imerlib_TEXT                    
_timer0int_fp                         E:015F TIMERLIB        FAR_BSS                         
_title                                C:7D38 BACKGROUNDS     ROM_DATA                        
_underline                            C:B393 GRAPHICS        raphics_TEXT                    
_update_ball                          C:9F64 BALL            ball_TEXT                       
_update_handler                       C:C0F3 MAIN            main_TEXT                       
_update_score                         C:9E6F BALL            ball_TEXT                       
_update_striker                       C:C6EE STRIKER         striker_TEXT                    
_window                               C:B5DE GRAPHICS        raphics_TEXT                    
_wolf                                 C:6438 BACKGROUNDS     ROM_DATA                        
_write_spi                            C:C6D3 SPI             spi_TEXT                        
_write_UART0                          C:CFAE WRITEUART0      teuart0_TEXT                    
_zsl_g_clock_xdefine                01194000 (User Defined)

259 external symbol(s).


START ADDRESS:
==============
(C:9DFE) set in module ..\..\src\boot\common\startupl.asm.

CALL GRAPH
==========
Depth Address    CF Function                       Calls Function
----- ---------- -- ------------------------------ --------------------------------
    1 R:20        0 _get_freq                      ->
    2 E:0100      0 _f__far_modf                   ->
    3 R:20        0 _n__floor                      ->
    4 R:20        0 _n___u_flt_rnd                 ->
    5 R:20        0 _n__far_modf                   ->
    6 R:20        0 _n__sqrt                       ->
    7 R:20        0 _n__near_modf                  ->
    8 E:0100      0 _f__atan                       ->
    9 E:0100      0 _f__pow                        ->
   10 R:20        0 _n__near_strtod                ->
   11 E:0100      0 _f__atan2                      ->
   12 R:20        0 _n__far_strtod                 ->
   13 E:0100      0 _f__far_strtod                 ->
   14 R:20        0 _n__atan                       ->
   15 E:0100      0 _f__log10                      ->
   16 E:0100      0 _f__log                        ->
   17 E:0100      0 _f__floor                      ->
   18 R:20        0 _n__exp                        ->
   19 E:0100      0 _f__fmod                       ->
   20 E:0100      0 _f__near_modf                  ->
   21 R:20        0 _n__tan                        ->
   22 E:0100      0 _f___u_flt_info                ->
   23 R:20        0 _n__atan2                      ->
   24 R:20        0 _n__near_atof                  ->
   25 E:0100      0 _f__far_atof                   ->
   26 R:20        0 _n__far_atof                   ->
   27 E:0100      0 _f__acos                       ->
   28 E:0100      0 _f__cosh                       ->
   29 R:20        0 _n___u_dtog                    ->
   30 R:20        0 _n___u_dtof                    ->
   31 R:20        0 _n___u_dtoe                    ->
   32 R:20        0 _n__cosh                       ->
   33 R:20        0 _n__sinh                       ->
   34 R:20        0 _n__acos                       ->
   35 E:0100      0 _f__far_frexp                  ->
   36 E:0100      0 _f__tan                        ->
   37 R:20        0 _n__ldexp                      ->
   38 E:0100      0 _f__tanh                       ->
   39 R:20        0 _n___u_flt_info                ->
   40 E:0100      0 _f__sinh                       ->
   41 E:0100      0 _f__near_frexp                 ->
   42 E:0100      0 _f__near_atof                  ->
   43 E:0100      0 _f___u__dtog                   ->
   44 E:0100      0 _f___u__dtof                   ->
   45 E:0100      0 _f___u__dtoe                   ->
   46 R:20        0 _n__tanh                       ->
   47 R:20        0 _n__near_frexp                 ->
   48 R:20        0 _n__far_frexp                  ->
   49 E:0100      0 _f__ldexp                      ->
   50 E:0100      0 _f__asin                       ->
   51 R:20        0 _n__fabs                       ->
   52 E:0100      0 _f__ceil                       ->
   53 R:20        0 _n__pow                        ->
   54 E:0100      0 _f__near_strtod                ->
   55 E:0100      0 _f__fabs                       ->
   56 R:20        0 _n__ceil                       ->
   57 R:20        0 _n__fmod                       ->
   58 R:20        0 _n__log10                      ->
   59 R:20        0 _n__asin                       ->
   60 E:0100      0 _f__sqrt                       ->
   61 E:0100      0 _f___u_flt_rnd                 ->
   62 R:20        0 _n__log                        ->
   63 E:0100      0 _f__exp                        ->


END OF LINK MAP:
================
0 Errors
0 Warnings
